HAL.hpp:100:13:touchgfx::HAL::~HAL()	16	static
HAL.hpp:100:13:virtual touchgfx::HAL::~HAL()	16	static
HAL.hpp:109:17:static touchgfx::HAL* touchgfx::HAL::getInstance()	4	static
HAL.hpp:123:18:virtual void touchgfx::HAL::setDisplayOrientation(touchgfx::DisplayOrientation)	16	static
HAL.hpp:281:28:virtual touchgfx::BlitOperations touchgfx::HAL::getBlitCaps()	16	static
HAL.hpp:528:10:void touchgfx::HAL::vSync()	16	static
HAL.hpp:538:18:virtual void touchgfx::HAL::backPorchExited()	16	static
HAL.hpp:570:18:virtual bool touchgfx::HAL::sampleKey(uint8_t&)	16	static
HAL.hpp:617:18:virtual void touchgfx::HAL::setFrameBufferStartAddresses(void*, void*, void*)	24	static
HAL.hpp:760:30:virtual touchgfx::FlashDataReader* touchgfx::HAL::getFlashDataReader() const	16	static
HAL.hpp:909:18:virtual void touchgfx::HAL::taskDelay(uint16_t)	16	static
HAL.hpp:936:22:virtual uint16_t touchgfx::HAL::getTFTCurrentLine()	16	static
HAL.hpp:947:21:virtual touchgfx::DMAType touchgfx::HAL::getDMAType()	16	static
HAL.hpp:1036:15:uint16_t* touchgfx::HAL::getClientFrameBuffer()	16	static
HAL.hpp:1057:18:virtual void touchgfx::HAL::performDisplayOrientationChange()	16	static
TouchGFXGeneratedHAL.hpp:104:18:virtual void TouchGFXGeneratedHAL::flushFrameBuffer()	16	static
TouchGFXGeneratedHAL.hpp:28:7:TouchGFXGeneratedHAL::~TouchGFXGeneratedHAL()	16	static
TouchGFXGeneratedHAL.hpp:28:7:virtual TouchGFXGeneratedHAL::~TouchGFXGeneratedHAL()	16	static
TouchGFXHAL.hpp:99:18:virtual void TouchGFXHAL::flushFrameBuffer()	16	static
TouchGFXHAL.cpp:27:6:void TouchGFXHAL::initialize()	16	static
TouchGFXHAL.cpp:43:11:virtual uint16_t* TouchGFXHAL::getTFTFrameBuffer() const	16	static
TouchGFXHAL.cpp:58:6:virtual void TouchGFXHAL::setTFTFrameBuffer(uint16_t*)	16	static
TouchGFXHAL.cpp:75:6:virtual void TouchGFXHAL::flushFrameBuffer(const touchgfx::Rect&)	16	static
TouchGFXHAL.cpp:96:6:virtual bool TouchGFXHAL::blockCopy(void*, const void*, uint32_t)	24	static
TouchGFXHAL.cpp:105:6:virtual void TouchGFXHAL::configureInterrupts()	16	static
TouchGFXHAL.cpp:118:6:virtual void TouchGFXHAL::enableInterrupts()	16	static
TouchGFXHAL.cpp:131:6:virtual void TouchGFXHAL::disableInterrupts()	16	static
TouchGFXHAL.cpp:145:6:virtual void TouchGFXHAL::enableLCDControllerInterrupt()	16	static
TouchGFXHAL.cpp:155:6:void TouchGFXHAL::copyFrameBufferBlockToLCD(touchgfx::Rect)	32	static
TouchGFXHAL.cpp:169:17:void touchgfx_signalVSyncTimer()	8	static
TouchGFXHAL.hpp:31:7:TouchGFXHAL::~TouchGFXHAL()	16	static
TouchGFXHAL.hpp:31:7:virtual TouchGFXHAL::~TouchGFXHAL()	16	static
